Microchip MPLAB XC8 Compiler V1.21 ()

Linker command line:

--edf=C:\Program Files (x86)\Microchip\xc8\v1.21\dat\en_msgs.txt -cs \
  -h+dist/default/production\Example_5.4.X.production.sym \
  --cmf=dist/default/production\Example_5.4.X.production.cmf -z -Q18F4550 \
  -oC:\Users\tbi\AppData\Local\Temp\s3n8.6 \
  -Mdist/default/production/Example_5.4.X.production.map -E1 -ver=XC8 \
  -ACODE=00h-07FFFh -ACONST=00h-07FFFh -ASMALLCONST=0800h-08FFhx120 \
  -AMEDIUMCONST=0800h-07FFFh -ACOMRAM=01h-05Fh -AABS1=00h-07FFh \
  -ABIGRAM=01h-07FFh -ARAM=060h-0FFh,0100h-01FFhx7 -ABANK0=060h-0FFh \
  -ABANK1=0100h-01FFh -ABANK2=0200h-02FFh -ABANK3=0300h-03FFh \
  -ABANK4=0400h-04FFh -ABANK5=0500h-05FFh -ABANK6=0600h-06FFh \
  -ABANK7=0700h-07FFh -ASFR=0F60h-0FFFh \
  -preset_vec=00h,intcode,intcodelo,powerup,init,end_init -pramtop=0800h \
  -psmallconst=SMALLCONST -pmediumconst=MEDIUMCONST -pconst=CONST \
  -AFARRAM=00h-00h -ACONFIG=0300000h-030000Dh -pconfig=CONFIG \
  -AIDLOC=0200000h-0200007h -pidloc=IDLOC -AEEDATA=0F00000h-0F000FFh \
  -peeprom_data=EEDATA \
  -prdata=COMRAM,nvrram=COMRAM,nvbit=COMRAM,rbss=COMRAM,rbit=COMRAM \
  -pfarbss=FARRAM,fardata=FARRAM,nvFARRAM=FARRAM \
  -pintsave_regs=BIGRAM,bigbss=BIGRAM,bigdata=BIGRAM -pbss=RAM \
  -pidata=CODE,irdata=CODE,ibigdata=CODE,ifardata=CODE \
  C:\Users\tbi\AppData\Local\Temp\s3n8.obj \
  dist/default/production\Example_5.4.X.production.obj 

Object code version is 3.11

Machine type is 18F4550

Call graph: (short form)




                Name                               Link     Load   Length Selector   Space Scale
C:\Users\tbi\AppData\Local\Temp\s3n8.obj
                end_init                              0        0        4        0       0
                idloc                            200000   200000        8   200000       0
                config                           300000   300000        E   300000       0
dist/default/production\Example_5.4.X.production.obj
                text5                              7EC6     7EC6       10     3F63       0
                text4                              7EFE     7EFE       38     3F7F       0
                text3                              7F36     7F36       3A     3F9B       0
                text2                              7ED6     7ED6       28     3F6B       0
                text1                              7FB6     7FB6       4A     3FDB       0
                cstackCOMRAM                          1        1       10        1       1
                cinit                              7EC0     7EC0        6     3F60       0
                text0                              7F70     7F70       46     3FB8       0

TOTAL           Name                               Link     Load   Length     Space
        CLASS   CODE           
                end_init                              0        0        4         0
                text5                              7EC6     7EC6       10         0
                text4                              7EFE     7EFE       38         0
                text3                              7F36     7F36       3A         0
                text2                              7ED6     7ED6       28         0
                text1                              7FB6     7FB6       4A         0
                cinit                              7EC0     7EC0        6         0
                text0                              7F70     7F70       46         0

        CLASS   CONST          

        CLASS   SMALLCONST     

        CLASS   MEDIUMCONST    

        CLASS   COMRAM         
                cstackCOMRAM                          1        1       10         1

        CLASS   ABS1           

        CLASS   BIGRAM         

        CLASS   RAM            

        CLASS   BANK0          

        CLASS   BANK1          

        CLASS   BANK2          

        CLASS   BANK3          

        CLASS   BANK4          

        CLASS   BANK5          

        CLASS   BANK6          

        CLASS   BANK7          

        CLASS   SFR            

        CLASS   FARRAM         

        CLASS   CONFIG         
                config                           300000   300000        E         0

        CLASS   IDLOC          
                idloc                            200000   200000        8         0

        CLASS   EEDATA         



SEGMENTS        Name                           Load    Length   Top    Selector   Space  Class

                reset_vec                      000000  000004  000004         0       0  CODE    
                cstackCOMRAM                   000001  000010  000011         1       1  COMRAM  
                cinit                          007EC0  000006  007EC6      3F60       0  CODE    
                text5                          007EC6  000010  007ED6      3F63       0  CODE    
                text2                          007ED6  000028  007EFE      3F6B       0  CODE    
                text4                          007EFE  000038  007F36      3F7F       0  CODE    
                text3                          007F36  00003A  007F70      3F9B       0  CODE    
                text0                          007F70  000046  007FB6      3FB8       0  CODE    
                text1                          007FB6  00004A  008000      3FDB       0  CODE    
                idloc                          200000  000008  200008    200000       0  IDLOC   
                config                         300000  00000E  30000E    300000       0  CONFIG  


UNUSED ADDRESS RANGES

        Name                Unused          Largest block    Delta
        BANK0            000060-0000FF               A0
        BANK1            000100-0001FF              100
        BANK2            000200-0002FF              100
        BANK3            000300-0003FF              100
        BANK4            000400-0004FF              100
        BANK5            000500-0005FF              100
        BANK6            000600-0006FF              100
        BANK7            000700-0007FF              100
        BIGRAM           000011-0007FF              7EF
        CODE             000004-007EBF             7EBC
        COMRAM           000011-00005F               4F
        CONST            000004-007EBF             7EBC
        EEDATA           F00000-F000FF              100
        MEDIUMCONST      000800-007EBF             76C0
        RAM              000060-0007FF              100
        SFR              000F60-000FFF               A0
        SMALLCONST       000800-007EBF              100

                                  Symbol Table

?_Delay_s                  cstackCOMRAM 000001
?_OpenPWM1                 cstackCOMRAM 000001
?_PwmCycle                 cstackCOMRAM 000007
?_SetDCPWM1                cstackCOMRAM 000001
?_SetOutputPWM1            cstackCOMRAM 000001
Delay_s@i                  cstackCOMRAM 000004
Delay_s@j                  cstackCOMRAM 000003
Delay_s@sec                cstackCOMRAM 000001
OpenPWM1@period            cstackCOMRAM 000001
PwmCycle@Duty_cycle        cstackCOMRAM 000008
SetDCPWM1@DCycle           cstackCOMRAM 000005
SetDCPWM1@dutycycle        cstackCOMRAM 000001
SetOutputPWM1@outputconfig cstackCOMRAM 000001
SetOutputPWM1@outputmode   cstackCOMRAM 000002
_CCP1CON                   (abs)        000FBD
_CCPR1L                    (abs)        000FBE
_Delay_s                   text4        007EFE
_OpenPWM1                  text5        007EC6
_PR2                       (abs)        000FCB
_PwmCycle                  text2        007ED6
_SetDCPWM1                 text3        007F36
_SetOutputPWM1             text1        007FB6
_T2CONbits                 (abs)        000FCA
_TRISCbits                 (abs)        000F94
_TRISDbits                 (abs)        000F95
__CFG_BOR$ON               (abs)        000000
__CFG_BORV$3               (abs)        000000
__CFG_CCP2MX$ON            (abs)        000000
__CFG_CP0$OFF              (abs)        000000
__CFG_CP1$OFF              (abs)        000000
__CFG_CP2$OFF              (abs)        000000
__CFG_CP3$OFF              (abs)        000000
__CFG_CPB$OFF              (abs)        000000
__CFG_CPD$OFF              (abs)        000000
__CFG_CPUDIV$OSC1_PLL2     (abs)        000000
__CFG_EBTR0$OFF            (abs)        000000
__CFG_EBTR1$OFF            (abs)        000000
__CFG_EBTR2$OFF            (abs)        000000
__CFG_EBTR3$OFF            (abs)        000000
__CFG_EBTRB$OFF            (abs)        000000
__CFG_FCMEN$OFF            (abs)        000000
__CFG_FOSC$HS              (abs)        000000
__CFG_ICPRT$OFF            (abs)        000000
__CFG_IESO$OFF             (abs)        000000
__CFG_LPT1OSC$ON           (abs)        000000
__CFG_LVP$ON               (abs)        000000
__CFG_MCLRE$ON             (abs)        000000
__CFG_PBADEN$OFF           (abs)        000000
__CFG_PLLDIV$5             (abs)        000000
__CFG_PWRT$OFF             (abs)        000000
__CFG_STVREN$ON            (abs)        000000
__CFG_USBDIV$1             (abs)        000000
__CFG_VREGEN$OFF           (abs)        000000
__CFG_WDT$OFF              (abs)        000000
__CFG_WDTPS$32768          (abs)        000000
__CFG_WRT0$OFF             (abs)        000000
__CFG_WRT1$OFF             (abs)        000000
__CFG_WRT2$OFF             (abs)        000000
__CFG_WRT3$OFF             (abs)        000000
__CFG_WRTB$OFF             (abs)        000000
__CFG_WRTC$OFF             (abs)        000000
__CFG_WRTD$OFF             (abs)        000000
__CFG_XINST$OFF            (abs)        000000
__HRAM                     (abs)        000000
__Habs1                    abs1         000000
__Hbank0                   bank0        000000
__Hbank1                   bank1        000000
__Hbank2                   bank2        000000
__Hbank3                   bank3        000000
__Hbank4                   bank4        000000
__Hbank5                   bank5        000000
__Hbank6                   bank6        000000
__Hbank7                   bank7        000000
__Hbigbss                  bigbss       000000
__Hbigdata                 bigdata      000000
__Hbigram                  bigram       000000
__Hbss                     bss          000000
__Hcinit                   cinit        000000
__Hclrtext                 clrtext      000000
__Hcomram                  comram       000000
__Hconfig                  config       30000E
__Hconst                   const        000000
__HcstackCOMRAM            cstackCOMRAM 000000
__Hdata                    data         000000
__Heeprom_data             eeprom_data  000000
__Hend_init                end_init     000004
__Hfarbss                  farbss       000000
__Hfardata                 fardata      000000
__Hibigdata                ibigdata     000000
__Hidata                   idata        000000
__Hidloc                   idloc        200008
__Hifardata                ifardata     000000
__Hinit                    init         000000
__Hintcode                 intcode      000000
__Hintcode_body            intcode_body 000000
__Hintcodelo               intcodelo    000000
__Hintentry                intentry     000000
__Hintret                  intret       000000
__Hintsave_regs            intsave_regs 000000
__Hirdata                  irdata       000000
__Hmediumconst             mediumconst  000000
__HnvFARRAM                nvFARRAM     000000
__Hnvbit                   nvbit        000000
__Hnvrram                  nvrram       000000
__Hparam                   rparam       000000
__Hpowerup                 powerup      000000
__Hram                     ram          000000
__Hramtop                  ramtop       000800
__Hrbit                    rbit         000000
__Hrbss                    rbss         000000
__Hrdata                   rdata        000000
__Hreset_vec               reset_vec    000000
__Hrparam                  rparam       000000
__Hsfr                     sfr          000000
__Hsmallconst              smallconst   000000
__Hstruct                  struct       000000
__Htemp                    temp         000000
__Htext                    text         000000
__Htext0                   text0        000000
__Htext1                   text1        000000
__Htext2                   text2        000000
__Htext3                   text3        000000
__Htext4                   text4        000000
__Htext5                   text5        000000
__LRAM                     (abs)        000001
__Labs1                    abs1         000000
__Lbank0                   bank0        000000
__Lbank1                   bank1        000000
__Lbank2                   bank2        000000
__Lbank3                   bank3        000000
__Lbank4                   bank4        000000
__Lbank5                   bank5        000000
__Lbank6                   bank6        000000
__Lbank7                   bank7        000000
__Lbigbss                  bigbss       000000
__Lbigdata                 bigdata      000000
__Lbigram                  bigram       000000
__Lbss                     bss          000000
__Lcinit                   cinit        000000
__Lclrtext                 clrtext      000000
__Lcomram                  comram       000000
__Lconfig                  config       300000
__Lconst                   const        000000
__LcstackCOMRAM            cstackCOMRAM 000000
__Ldata                    data         000000
__Leeprom_data             eeprom_data  000000
__Lend_init                end_init     000000
__Lfarbss                  farbss       000000
__Lfardata                 fardata      000000
__Libigdata                ibigdata     000000
__Lidata                   idata        000000
__Lidloc                   idloc        200000
__Lifardata                ifardata     000000
__Linit                    init         000000
__Lintcode                 intcode      000000
__Lintcode_body            intcode_body 000000
__Lintcodelo               intcodelo    000000
__Lintentry                intentry     000000
__Lintret                  intret       000000
__Lintsave_regs            intsave_regs 000000
__Lirdata                  irdata       000000
__Lmediumconst             mediumconst  000000
__LnvFARRAM                nvFARRAM     000000
__Lnvbit                   nvbit        000000
__Lnvrram                  nvrram       000000
__Lparam                   rparam       000000
__Lpowerup                 powerup      000000
__Lram                     ram          000000
__Lramtop                  ramtop       000800
__Lrbit                    rbit         000000
__Lrbss                    rbss         000000
__Lrdata                   rdata        000000
__Lreset_vec               reset_vec    000000
__Lrparam                  rparam       000000
__Lsfr                     sfr          000000
__Lsmallconst              smallconst   000000
__Lstruct                  struct       000000
__Ltemp                    temp         000000
__Ltext                    text         000000
__Ltext0                   text0        000000
__Ltext1                   text1        000000
__Ltext2                   text2        000000
__Ltext3                   text3        000000
__Ltext4                   text4        000000
__Ltext5                   text5        000000
__S0                       (abs)        30000E
__S1                       (abs)        000011
__accesstop                (abs)        000060
__activetblptr             (abs)        000000
__end_of_Delay_s           text4        007F36
__end_of_OpenPWM1          text5        007ED6
__end_of_PwmCycle          text2        007EFE
__end_of_SetDCPWM1         text3        007F70
__end_of_SetOutputPWM1     text1        008000
__end_of__initialization   cinit        007EC0
__end_of_main              text0        007FB6
__initialization           cinit        007EC0
__mediumconst              mediumconst  000000
__pcinit                   cinit        007EC0
__pcstackCOMRAM            cstackCOMRAM 000001
__ptext0                   text0        007F70
__ptext1                   text1        007FB6
__ptext2                   text2        007ED6
__ptext3                   text3        007F36
__ptext4                   text4        007EFE
__ptext5                   text5        007EC6
__ramtop                   ramtop       000800
__size_of_Delay_s          (abs)        000000
__size_of_OpenPWM1         (abs)        000000
__size_of_PwmCycle         (abs)        000000
__size_of_SetDCPWM1        (abs)        000000
__size_of_SetOutputPWM1    (abs)        000000
__size_of_main             (abs)        000000
__smallconst               smallconst   000000
_main                      text0        007F70
end_of_initialization      cinit        007EC0
intlevel0                  text         000000
intlevel1                  text         000000
intlevel2                  text         000000
intlevel3                  text         000000
main@Duty_cycle            cstackCOMRAM 00000C
main@config                cstackCOMRAM 00000E
main@mode                  cstackCOMRAM 00000F
main@period                cstackCOMRAM 000010
start                      init         000000
start_initialization       cinit        007EC0


FUNCTION INFORMATION:

 *************** function _main *****************
 Defined at:
		line 21 in file "../Example_5.2.X/main.c"
 Parameters:    Size  Location     Type
		None
 Auto vars:     Size  Location     Type
  Duty_cycle      2   11[COMRAM] unsigned int 
  period          1   15[COMRAM] unsigned char 
  mode            1   14[COMRAM] unsigned char 
  config          1   13[COMRAM] unsigned char 
 Return value:  Size  Location     Type
		None               void
 Registers used:
		wreg, status,2, status,0, cstack
 Tracked objects:
		On entry : 
		On exit  : 
		Unchanged: 
 Data sizes:     COMRAM   BANK0   BANK1   BANK2   BANK3   BANK4   BANK5   BANK6   BANK7
      Params:         0       0       0       0       0       0       0       0       0
      Locals:         5       0       0       0       0       0       0       0       0
      Temps:          1       0       0       0       0       0       0       0       0
      Totals:         6       0       0       0       0       0       0       0       0
Total ram usage:        6 bytes
 Hardware stack levels required when called:    2
 This function calls:
		_OpenPWM1
		_PwmCycle
		_SetOutputPWM1
 This function is called by:
		Startup code after reset
 This function uses a non-reentrant model


 *************** function _SetOutputPWM1 *****************
 Defined at:
		line 23 in file "C:\Program Files (x86)\Microchip\xc8\v1.21\sources\pic18\plib\PWM\pw1setoc.c"
 Parameters:    Size  Location     Type
  outputconfig    1    0[COMRAM] unsigned char 
  outputmode      1    1[COMRAM] unsigned char 
 Auto vars:     Size  Location     Type
  eccpmx          1    0        unsigned char 
 Return value:  Size  Location     Type
		None               void
 Registers used:
		wreg, status,2, status,0
 Tracked objects:
		On entry : 
		On exit  : 
		Unchanged: 
 Data sizes:     COMRAM   BANK0   BANK1   BANK2   BANK3   BANK4   BANK5   BANK6   BANK7
      Params:         2       0       0       0       0       0       0       0       0
      Locals:         0       0       0       0       0       0       0       0       0
      Temps:          0       0       0       0       0       0       0       0       0
      Totals:         2       0       0       0       0       0       0       0       0
Total ram usage:        2 bytes
 Hardware stack levels used:    1
 This function calls:
		Nothing
 This function is called by:
		_main
 This function uses a non-reentrant model


 *************** function _PwmCycle *****************
 Defined at:
		line 4 in file "Pwm_1.c"
 Parameters:    Size  Location     Type
  period          1    6[COMRAM] unsigned char 
  Duty_cycle      2    7[COMRAM] unsigned int 
 Auto vars:     Size  Location     Type
		None
 Return value:  Size  Location     Type
		None               void
 Registers used:
		wreg, status,2, status,0, cstack
 Tracked objects:
		On entry : 
		On exit  : 
		Unchanged: 
 Data sizes:     COMRAM   BANK0   BANK1   BANK2   BANK3   BANK4   BANK5   BANK6   BANK7
      Params:         3       0       0       0       0       0       0       0       0
      Locals:         0       0       0       0       0       0       0       0       0
      Temps:          1       0       0       0       0       0       0       0       0
      Totals:         4       0       0       0       0       0       0       0       0
Total ram usage:        4 bytes
 Hardware stack levels used:    1
 Hardware stack levels required when called:    1
 This function calls:
		_Delay_s
		_SetDCPWM1
 This function is called by:
		_main
 This function uses a non-reentrant model


 *************** function _SetDCPWM1 *****************
 Defined at:
		line 8 in file "C:\Program Files (x86)\Microchip\xc8\v1.21\sources\pic18\plib\PWM\pw1setdc.c"
 Parameters:    Size  Location     Type
  dutycycle       2    0[COMRAM] unsigned int 
 Auto vars:     Size  Location     Type
  DCycle          2    4[COMRAM] struct PWMDC
 Return value:  Size  Location     Type
		None               void
 Registers used:
		wreg, status,2, status,0
 Tracked objects:
		On entry : 
		On exit  : 
		Unchanged: 
 Data sizes:     COMRAM   BANK0   BANK1   BANK2   BANK3   BANK4   BANK5   BANK6   BANK7
      Params:         2       0       0       0       0       0       0       0       0
      Locals:         2       0       0       0       0       0       0       0       0
      Temps:          2       0       0       0       0       0       0       0       0
      Totals:         6       0       0       0       0       0       0       0       0
Total ram usage:        6 bytes
 Hardware stack levels used:    1
 This function calls:
		Nothing
 This function is called by:
		_PwmCycle
 This function uses a non-reentrant model


 *************** function _Delay_s *****************
 Defined at:
		line 4 in file "delay.c"
 Parameters:    Size  Location     Type
  sec             1    0[COMRAM] unsigned char 
 Auto vars:     Size  Location     Type
  i               1    3[COMRAM] unsigned char 
  j               1    2[COMRAM] unsigned char 
 Return value:  Size  Location     Type
		None               void
 Registers used:
		wreg, status,2, status,0
 Tracked objects:
		On entry : 
		On exit  : 
		Unchanged: 
 Data sizes:     COMRAM   BANK0   BANK1   BANK2   BANK3   BANK4   BANK5   BANK6   BANK7
      Params:         1       0       0       0       0       0       0       0       0
      Locals:         2       0       0       0       0       0       0       0       0
      Temps:          1       0       0       0       0       0       0       0       0
      Totals:         4       0       0       0       0       0       0       0       0
Total ram usage:        4 bytes
 Hardware stack levels used:    1
 This function calls:
		Nothing
 This function is called by:
		_PwmCycle
 This function uses a non-reentrant model


 *************** function _OpenPWM1 *****************
 Defined at:
		line 9 in file "C:\Program Files (x86)\Microchip\xc8\v1.21\sources\pic18\plib\PWM\pw1open.c"
 Parameters:    Size  Location     Type
  period          1    0[COMRAM] unsigned char 
 Auto vars:     Size  Location     Type
		None
 Return value:  Size  Location     Type
		None               void
 Registers used:
		wreg, status,2, status,0
 Tracked objects:
		On entry : 
		On exit  : 
		Unchanged: 
 Data sizes:     COMRAM   BANK0   BANK1   BANK2   BANK3   BANK4   BANK5   BANK6   BANK7
      Params:         1       0       0       0       0       0       0       0       0
      Locals:         0       0       0       0       0       0       0       0       0
      Temps:          0       0       0       0       0       0       0       0       0
      Totals:         1       0       0       0       0       0       0       0       0
Total ram usage:        1 bytes
 Hardware stack levels used:    1
 This function calls:
		Nothing
 This function is called by:
		_main
 This function uses a non-reentrant model



MODULE INFORMATION

Module		Function		Class		Link	Load	Size
C:\Program Files (x86)\Microchip\xc8\v1.21\sources\pic18\plib\PWM\pw1setoc.c
		_SetOutputPWM1 		CODE           	7FB6	0000	74

C:\Program Files (x86)\Microchip\xc8\v1.21\sources\pic18\plib\PWM\pw1setoc.c estimated size: 74

Pwm_1.c
		_PwmCycle      		CODE           	7ED6	0000	40

Pwm_1.c estimated size: 40

C:\Program Files (x86)\Microchip\xc8\v1.21\sources\pic18\plib\PWM\pw1open.c
		_OpenPWM1      		CODE           	7EC6	0000	16

C:\Program Files (x86)\Microchip\xc8\v1.21\sources\pic18\plib\PWM\pw1open.c estimated size: 16

shared
		__initializatio		CODE           	7EC0	0000	0

shared estimated size: 0

../Example_5.2.X/main.c
		_main          		CODE           	7F70	0000	70

../Example_5.2.X/main.c estimated size: 70

C:\Program Files (x86)\Microchip\xc8\v1.21\sources\pic18\plib\PWM\pw1setdc.c
		_SetDCPWM1     		CODE           	7F36	0000	58

C:\Program Files (x86)\Microchip\xc8\v1.21\sources\pic18\plib\PWM\pw1setdc.c estimated size: 58

delay.c
		_Delay_s       		CODE           	7EFE	0000	56

delay.c estimated size: 56

